
> react-example@0.0.0 test
> vitest run


[1m[30m[46m RUN [49m[39m[22m [36mv4.1.9 [39m[90mC:/Users/RImanshu Patidar/OneDrive/Desktop/ecotrack-ai[39m

 [31mΓ¥»[39m src/components/AiAssistant.test.tsx [2m([22m[2m3 tests[22m[2m | [22m[31m3 failed[39m[2m)[22m[32m 106[2mms[22m[39m
[31m     [31m├ù[31m renders the chat interface[39m[32m 78[2mms[22m[39m
[31m     [31m├ù[31m sends a message and handles the API response[39m[32m 12[2mms[22m[39m
[31m     [31m├ù[31m handles API errors gracefully[39m[32m 10[2mms[22m[39m
 [31mΓ¥»[39m src/components/CarbonCalculator.test.tsx [2m([22m[2m2 tests[22m[2m | [22m[31m2 failed[39m[2m)[22m[32m 119[2mms[22m[39m
[31m     [31m├ù[31m renders all form steps correctly[39m[32m 88[2mms[22m[39m
[31m     [31m├ù[31m can progress through the steps and submit[39m[32m 28[2mms[22m[39m
node.exe : [90mstderr[2m | src/components/Dashboard.test.tsx[2m > [22m[2mDashboard Component[2m > 
[22m[2mrenders the analytics when a result is provided
At line:1 char:1
+ & "C:\Program Files\nodejs/node.exe" "C:\Users\RImanshu Patidar\AppDa ...
+ ~~~~~~~~~~~~~~~~~~~~~~~~~~~~~~~~~~~~~~~~~~~~~~~~~~~~~~~~~~~~~~~~~~~~~
    + CategoryInfo          : NotSpecified: ([90mstderr[2m...ult is provided:String) [], RemoteException
    + FullyQualifiedErrorId : NativeCommandError
 
[22m[39mThe width(-1) and height(-1) of chart should be greater than 0,
       please check the style of container, or the props width(100%) and height(100%),
       or add a minWidth(1) or minHeight(1) or use aspect(undefined) to control the
       height and width.
The width(-1) and height(-1) of chart should be greater than 0,
       please check the style of container, or the props width(100%) and height(100%),
       or add a minWidth(1) or minHeight(1) or use aspect(undefined) to control the
       height and width.
The width(-1) and height(-1) of chart should be greater than 0,
       please check the style of container, or the props width(100%) and height(100%),
       or add a minWidth(1) or minHeight(1) or use aspect(undefined) to control the
       height and width.
The width(0) and height(0) of chart should be greater than 0,
       please check the style of container, or the props width(100%) and height(100%),
       or add a minWidth(1) or minHeight(1) or use aspect(undefined) to control the
       height and width.
The width(0) and height(0) of chart should be greater than 0,
       please check the style of container, or the props width(100%) and height(100%),
       or add a minWidth(1) or minHeight(1) or use aspect(undefined) to control the
       height and width.
The width(0) and height(0) of chart should be greater than 0,
       please check the style of container, or the props width(100%) and height(100%),
       or add a minWidth(1) or minHeight(1) or use aspect(undefined) to control the
       height and width.

 [32mΓ£ô[39m src/components/Dashboard.test.tsx [2m([22m[2m2 tests[22m[2m)[22m[33m 398[2mms[22m[39m
     [33m[2mΓ£ô[22m[39m renders the analytics when a result is provided [33m 363[2mms[22m[39m
[90mstderr[2m | src/components/LandingPage.test.tsx[2m > [22m[2mLandingPage (Hero & Footer)[2m > 
[22m[2mrenders the hero section correctly
[22m[39m[vitest] The vi.fn() mock did not use 'function' or 'class' in its implementation, see 
https://vitest.dev/api/vi#vi-spyon for examples.

[90mstderr[2m | src/components/LandingPage.test.tsx[2m > [22m[2mLandingPage (Hero & Footer)[2m > [22m[2mfires 
the onStartCalculator callback when CTA is clicked
[22m[39m[vitest] The vi.fn() mock did not use 'function' or 'class' in its implementation, see 
https://vitest.dev/api/vi#vi-spyon for examples.

[90mstderr[2m | src/components/LandingPage.test.tsx[2m > [22m[2mLandingPage (Hero & Footer)[2m > [22m[2mfires 
the onExploreDashboard callback when explore CTA is clicked
[22m[39m[vitest] The vi.fn() mock did not use 'function' or 'class' in its implementation, see 
https://vitest.dev/api/vi#vi-spyon for examples.

[90mstderr[2m | src/components/LandingPage.test.tsx[2m > [22m[2mLandingPage (Hero & Footer)[2m > 
[22m[2mrenders the footer with newsletter signup
[22m[39m[vitest] The vi.fn() mock did not use 'function' or 'class' in its implementation, see 
https://vitest.dev/api/vi#vi-spyon for examples.

 [31mΓ¥»[39m src/App.test.tsx [2m([22m[2m2 tests[22m[2m | [22m[31m2 failed[39m[2m)[22m[33m 835[2mms[22m[39m
[31m     [31m├ù[31m renders the header and navigation correctly[39m[33m 609[2mms[22m[39m
[31m     [31m├ù[31m can navigate between different tabs[39m[32m 223[2mms[22m[39m
 [31mΓ¥»[39m src/components/LandingPage.test.tsx [2m([22m[2m4 tests[22m[2m | [22m[31m4 failed[39m[2m)[22m[33m 1207[2mms[22m[39m
[31m     [31m├ù[31m renders the hero section correctly[39m[33m 556[2mms[22m[39m
[31m     [31m├ù[31m fires the onStartCalculator callback when CTA is clicked[39m[32m 241[2mms[22m[39m
[31m     [31m├ù[31m fires the onExploreDashboard callback when explore CTA is clicked[39m[32m 211[2mms[22m[39m
[31m     [31m├ù[31m renders the footer with newsletter signup[39m[32m 195[2mms[22m[39m

[31mΓÄ»ΓÄ»ΓÄ»ΓÄ»ΓÄ»ΓÄ»[39m[1m[41m Failed Tests 11 [49m[22m[31mΓÄ»ΓÄ»ΓÄ»ΓÄ»ΓÄ»ΓÄ»ΓÄ»[39m

[41m[1m FAIL [22m[49m src/App.test.tsx[2m > [22mApp Layout and Navigation[2m > [22mrenders the header and 
navigation correctly
[41m[1m FAIL [22m[49m src/App.test.tsx[2m > [22mApp Layout and Navigation[2m > [22mrenders the header and 
navigation correctly
[41m[1m FAIL [22m[49m src/App.test.tsx[2m > [22mApp Layout and Navigation[2m > [22mrenders the header and 
navigation correctly
[41m[1m FAIL [22m[49m src/App.test.tsx[2m > [22mApp Layout and Navigation[2m > [22mrenders the header and 
navigation correctly
[41m[1m FAIL [22m[49m src/App.test.tsx[2m > [22mApp Layout and Navigation[2m > [22mrenders the header and 
navigation correctly
[41m[1m FAIL [22m[49m src/App.test.tsx[2m > [22mApp Layout and Navigation[2m > [22mrenders the header and 
navigation correctly
[41m[1m FAIL [22m[49m src/App.test.tsx[2m > [22mApp Layout and Navigation[2m > [22mrenders the header and 
navigation correctly
[41m[1m FAIL [22m[49m src/App.test.tsx[2m > [22mApp Layout and Navigation[2m > [22mrenders the header and 
navigation correctly
[41m[1m FAIL [22m[49m src/App.test.tsx[2m > [22mApp Layout and Navigation[2m > [22mrenders the header and 
navigation correctly
[41m[1m FAIL [22m[49m src/App.test.tsx[2m > [22mApp Layout and Navigation[2m > [22mrenders the header and 
navigation correctly
[41m[1m FAIL [22m[49m src/App.test.tsx[2m > [22mApp Layout and Navigation[2m > [22mrenders the header and 
navigation correctly
[41m[1m FAIL [22m[49m src/App.test.tsx[2m > [22mApp Layout and Navigation[2m > [22mcan navigate between 
different tabs
[41m[1m FAIL [22m[49m src/App.test.tsx[2m > [22mApp Layout and Navigation[2m > [22mcan navigate between 
different tabs
[41m[1m FAIL [22m[49m src/App.test.tsx[2m > [22mApp Layout and Navigation[2m > [22mcan navigate between 
different tabs
[41m[1m FAIL [22m[49m src/App.test.tsx[2m > [22mApp Layout and Navigation[2m > [22mcan navigate between 
different tabs
[41m[1m FAIL [22m[49m src/App.test.tsx[2m > [22mApp Layout and Navigation[2m > [22mcan navigate between 
different tabs
[41m[1m FAIL [22m[49m src/App.test.tsx[2m > [22mApp Layout and Navigation[2m > [22mcan navigate between 
different tabs
[41m[1m FAIL [22m[49m src/App.test.tsx[2m > [22mApp Layout and Navigation[2m > [22mcan navigate between 
different tabs
[41m[1m FAIL [22m[49m src/App.test.tsx[2m > [22mApp Layout and Navigation[2m > [22mcan navigate between 
different tabs
[41m[1m FAIL [22m[49m src/App.test.tsx[2m > [22mApp Layout and Navigation[2m > [22mcan navigate between 
different tabs
[41m[1m FAIL [22m[49m src/App.test.tsx[2m > [22mApp Layout and Navigation[2m > [22mcan navigate between 
different tabs
[41m[1m FAIL [22m[49m src/App.test.tsx[2m > [22mApp Layout and Navigation[2m > [22mcan navigate between 
different tabs
[41m[1m FAIL [22m[49m src/components/LandingPage.test.tsx[2m > [22mLandingPage (Hero & Footer)[2m > 
[22mrenders the hero section correctly
[41m[1m FAIL [22m[49m src/components/LandingPage.test.tsx[2m > [22mLandingPage (Hero & Footer)[2m > 
[22mrenders the hero section correctly
[41m[1m FAIL [22m[49m src/components/LandingPage.test.tsx[2m > [22mLandingPage (Hero & Footer)[2m > 
[22mrenders the hero section correctly
[41m[1m FAIL [22m[49m src/components/LandingPage.test.tsx[2m > [22mLandingPage (Hero & Footer)[2m > 
[22mrenders the hero section correctly
[41m[1m FAIL [22m[49m src/components/LandingPage.test.tsx[2m > [22mLandingPage (Hero & Footer)[2m > 
[22mrenders the hero section correctly
[41m[1m FAIL [22m[49m src/components/LandingPage.test.tsx[2m > [22mLandingPage (Hero & Footer)[2m > 
[22mrenders the hero section correctly
[41m[1m FAIL [22m[49m src/components/LandingPage.test.tsx[2m > [22mLandingPage (Hero & Footer)[2m > 
[22mrenders the hero section correctly
[41m[1m FAIL [22m[49m src/components/LandingPage.test.tsx[2m > [22mLandingPage (Hero & Footer)[2m > 
[22mrenders the hero section correctly
[41m[1m FAIL [22m[49m src/components/LandingPage.test.tsx[2m > [22mLandingPage (Hero & Footer)[2m > 
[22mrenders the hero section correctly
[41m[1m FAIL [22m[49m src/components/LandingPage.test.tsx[2m > [22mLandingPage (Hero & Footer)[2m > 
[22mrenders the hero section correctly
[41m[1m FAIL [22m[49m src/components/LandingPage.test.tsx[2m > [22mLandingPage (Hero & Footer)[2m > 
[22mrenders the hero section correctly
[41m[1m FAIL [22m[49m src/components/LandingPage.test.tsx[2m > [22mLandingPage (Hero & Footer)[2m > [22mfires 
the onStartCalculator callback when CTA is clicked
[41m[1m FAIL [22m[49m src/components/LandingPage.test.tsx[2m > [22mLandingPage (Hero & Footer)[2m > [22mfires 
the onStartCalculator callback when CTA is clicked
[41m[1m FAIL [22m[49m src/components/LandingPage.test.tsx[2m > [22mLandingPage (Hero & Footer)[2m > [22mfires 
the onStartCalculator callback when CTA is clicked
[41m[1m FAIL [22m[49m src/components/LandingPage.test.tsx[2m > [22mLandingPage (Hero & Footer)[2m > [22mfires 
the onStartCalculator callback when CTA is clicked
[41m[1m FAIL [22m[49m src/components/LandingPage.test.tsx[2m > [22mLandingPage (Hero & Footer)[2m > [22mfires 
the onStartCalculator callback when CTA is clicked
[41m[1m FAIL [22m[49m src/components/LandingPage.test.tsx[2m > [22mLandingPage (Hero & Footer)[2m > [22mfires 
the onStartCalculator callback when CTA is clicked
[41m[1m FAIL [22m[49m src/components/LandingPage.test.tsx[2m > [22mLandingPage (Hero & Footer)[2m > [22mfires 
the onStartCalculator callback when CTA is clicked
[41m[1m FAIL [22m[49m src/components/LandingPage.test.tsx[2m > [22mLandingPage (Hero & Footer)[2m > [22mfires 
the onStartCalculator callback when CTA is clicked
[41m[1m FAIL [22m[49m src/components/LandingPage.test.tsx[2m > [22mLandingPage (Hero & Footer)[2m > [22mfires 
the onStartCalculator callback when CTA is clicked
[41m[1m FAIL [22m[49m src/components/LandingPage.test.tsx[2m > [22mLandingPage (Hero & Footer)[2m > [22mfires 
the onStartCalculator callback when CTA is clicked
[41m[1m FAIL [22m[49m src/components/LandingPage.test.tsx[2m > [22mLandingPage (Hero & Footer)[2m > [22mfires 
the onStartCalculator callback when CTA is clicked
[41m[1m FAIL [22m[49m src/components/LandingPage.test.tsx[2m > [22mLandingPage (Hero & Footer)[2m > [22mfires 
the onExploreDashboard callback when explore CTA is clicked
[41m[1m FAIL [22m[49m src/components/LandingPage.test.tsx[2m > [22mLandingPage (Hero & Footer)[2m > [22mfires 
the onExploreDashboard callback when explore CTA is clicked
[41m[1m FAIL [22m[49m src/components/LandingPage.test.tsx[2m > [22mLandingPage (Hero & Footer)[2m > [22mfires 
the onExploreDashboard callback when explore CTA is clicked
[41m[1m FAIL [22m[49m src/components/LandingPage.test.tsx[2m > [22mLandingPage (Hero & Footer)[2m > [22mfires 
the onExploreDashboard callback when explore CTA is clicked
[41m[1m FAIL [22m[49m src/components/LandingPage.test.tsx[2m > [22mLandingPage (Hero & Footer)[2m > [22mfires 
the onExploreDashboard callback when explore CTA is clicked
[41m[1m FAIL [22m[49m src/components/LandingPage.test.tsx[2m > [22mLandingPage (Hero & Footer)[2m > [22mfires 
the onExploreDashboard callback when explore CTA is clicked
[41m[1m FAIL [22m[49m src/components/LandingPage.test.tsx[2m > [22mLandingPage (Hero & Footer)[2m > [22mfires 
the onExploreDashboard callback when explore CTA is clicked
[41m[1m FAIL [22m[49m src/components/LandingPage.test.tsx[2m > [22mLandingPage (Hero & Footer)[2m > [22mfires 
the onExploreDashboard callback when explore CTA is clicked
[41m[1m FAIL [22m[49m src/components/LandingPage.test.tsx[2m > [22mLandingPage (Hero & Footer)[2m > [22mfires 
the onExploreDashboard callback when explore CTA is clicked
[41m[1m FAIL [22m[49m src/components/LandingPage.test.tsx[2m > [22mLandingPage (Hero & Footer)[2m > [22mfires 
the onExploreDashboard callback when explore CTA is clicked
[41m[1m FAIL [22m[49m src/components/LandingPage.test.tsx[2m > [22mLandingPage (Hero & Footer)[2m > [22mfires 
the onExploreDashboard callback when explore CTA is clicked
[41m[1m FAIL [22m[49m src/components/LandingPage.test.tsx[2m > [22mLandingPage (Hero & Footer)[2m > 
[22mrenders the footer with newsletter signup
[41m[1m FAIL [22m[49m src/components/LandingPage.test.tsx[2m > [22mLandingPage (Hero & Footer)[2m > 
[22mrenders the footer with newsletter signup
[41m[1m FAIL [22m[49m src/components/LandingPage.test.tsx[2m > [22mLandingPage (Hero & Footer)[2m > 
[22mrenders the footer with newsletter signup
[41m[1m FAIL [22m[49m src/components/LandingPage.test.tsx[2m > [22mLandingPage (Hero & Footer)[2m > 
[22mrenders the footer with newsletter signup
[41m[1m FAIL [22m[49m src/components/LandingPage.test.tsx[2m > [22mLandingPage (Hero & Footer)[2m > 
[22mrenders the footer with newsletter signup
[41m[1m FAIL [22m[49m src/components/LandingPage.test.tsx[2m > [22mLandingPage (Hero & Footer)[2m > 
[22mrenders the footer with newsletter signup
[41m[1m FAIL [22m[49m src/components/LandingPage.test.tsx[2m > [22mLandingPage (Hero & Footer)[2m > 
[22mrenders the footer with newsletter signup
[41m[1m FAIL [22m[49m src/components/LandingPage.test.tsx[2m > [22mLandingPage (Hero & Footer)[2m > 
[22mrenders the footer with newsletter signup
[41m[1m FAIL [22m[49m src/components/LandingPage.test.tsx[2m > [22mLandingPage (Hero & Footer)[2m > 
[22mrenders the footer with newsletter signup
[41m[1m FAIL [22m[49m src/components/LandingPage.test.tsx[2m > [22mLandingPage (Hero & Footer)[2m > 
[22mrenders the footer with newsletter signup
[41m[1m FAIL [22m[49m src/components/LandingPage.test.tsx[2m > [22mLandingPage (Hero & Footer)[2m > 
[22mrenders the footer with newsletter signup
[31m[1mReferenceError[22m: IntersectionObserver is not defined[39m
[90m [2mΓ¥»[22m initIntersectionObserver ../../../../RImanshu%20Patidar/OneDrive/Desktop/ecotrack-ai/node_modules/fr
amer-motion/dist/es/motion/features/viewport/observers.mjs:[2m35:34[22m[39m
[90m [2mΓ¥»[22m observeIntersection ../../../../RImanshu%20Patidar/OneDrive/Desktop/ecotrack-ai/node_modules/framer-
motion/dist/es/motion/features/viewport/observers.mjs:[2m40:39[22m[39m
[90m [2mΓ¥»[22m InViewFeature.startObserver ../../../../RImanshu%20Patidar/OneDrive/Desktop/ecotrack-ai/node_modules
/framer-motion/dist/es/motion/features/viewport/index.mjs:[2m52:29[22m[39m
[90m [2mΓ¥»[22m InViewFeature.mount ../../../../RImanshu%20Patidar/OneDrive/Desktop/ecotrack-ai/node_modules/framer-
motion/dist/es/motion/features/viewport/index.mjs:[2m55:14[22m[39m
[90m [2mΓ¥»[22m HTMLVisualElement.updateFeatures ../../../../RImanshu%20Patidar/OneDrive/Desktop/ecotrack-ai/node_mo
dules/motion-dom/dist/es/render/VisualElement.mjs:[2m341:29[22m[39m
[90m [2mΓ¥»[22m ../../../../RImanshu%20Patidar/OneDrive/Desktop/ecotrack-ai/node_modules/framer-motion/dist/es/motio
n/utils/use-visual-element.mjs:[2m95:23[22m[39m
[90m [2mΓ¥»[22m Object.react_stack_bottom_frame 
node_modules/react-dom/cjs/react-dom-client.development.js:[2m25989:20[22m[39m
[90m [2mΓ¥»[22m runWithFiberInDEV node_modules/react-dom/cjs/react-dom-client.development.js:[2m874:13[22m[39m
[90m [2mΓ¥»[22m commitHookEffectListMount 
node_modules/react-dom/cjs/react-dom-client.development.js:[2m13249:29[22m[39m
[90m [2mΓ¥»[22m commitHookLayoutEffects 
node_modules/react-dom/cjs/react-dom-client.development.js:[2m13213:11[22m[39m

[31m[2mΓÄ»ΓÄ»ΓÄ»ΓÄ»ΓÄ»ΓÄ»ΓÄ»ΓÄ»ΓÄ»ΓÄ»ΓÄ»ΓÄ»ΓÄ»ΓÄ»ΓÄ»ΓÄ»ΓÄ»ΓÄ»ΓÄ»ΓÄ»ΓÄ»ΓÄ»ΓÄ»[1/75]ΓÄ»[22m[39m

[41m[1m FAIL [22m[49m src/components/AiAssistant.test.tsx[2m > [22mAiAssistant[2m > [22mrenders the chat 
interface
[41m[1m FAIL [22m[49m src/components/AiAssistant.test.tsx[2m > [22mAiAssistant[2m > [22msends a message and 
handles the API response
[41m[1m FAIL [22m[49m src/components/AiAssistant.test.tsx[2m > [22mAiAssistant[2m > [22mhandles API errors 
gracefully
[31m[1mTypeError[22m: bottomRef.current.scrollIntoView is not a function[39m
[36m [2mΓ¥»[22m src/components/AiAssistant.tsx:[2m77:25[22m[39m
    [90m 75|[39m   [34museEffect[39m(() [33m=>[39m {
    [90m 76|[39m     [35mif[39m (bottomRef[33m.[39mcurrent) {
    [90m 77|[39m       bottomRef[33m.[39mcurrent[33m.[39m[34mscrollIntoView[39m({ behavior[33m:[39m 
[32m"smooth"[39m })[33m;[39m
    [90m   |[39m                         [31m^[39m
    [90m 78|[39m     }
    [90m 79|[39m   }[33m,[39m [messages[33m,[39m isLoading])[33m;[39m
[90m [2mΓ¥»[22m Object.react_stack_bottom_frame 
node_modules/react-dom/cjs/react-dom-client.development.js:[2m25989:20[22m[39m
[90m [2mΓ¥»[22m runWithFiberInDEV node_modules/react-dom/cjs/react-dom-client.development.js:[2m874:13[22m[39m
[90m [2mΓ¥»[22m commitHookEffectListMount 
node_modules/react-dom/cjs/react-dom-client.development.js:[2m13249:29[22m[39m
[90m [2mΓ¥»[22m commitHookPassiveMountEffects 
node_modules/react-dom/cjs/react-dom-client.development.js:[2m13336:11[22m[39m
[90m [2mΓ¥»[22m commitPassiveMountOnFiber 
node_modules/react-dom/cjs/react-dom-client.development.js:[2m15484:13[22m[39m
[90m [2mΓ¥»[22m recursivelyTraversePassiveMountEffects 
node_modules/react-dom/cjs/react-dom-client.development.js:[2m15439:11[22m[39m
[90m [2mΓ¥»[22m commitPassiveMountOnFiber 
node_modules/react-dom/cjs/react-dom-client.development.js:[2m15519:11[22m[39m
[90m [2mΓ¥»[22m flushPassiveEffects node_modules/react-dom/cjs/react-dom-client.development.js:[2m18432:9[22m[39m
[90m [2mΓ¥»[22m node_modules/react-dom/cjs/react-dom-client.development.js:[2m17923:15[22m[39m

[31m[2mΓÄ»ΓÄ»ΓÄ»ΓÄ»ΓÄ»ΓÄ»ΓÄ»ΓÄ»ΓÄ»ΓÄ»ΓÄ»ΓÄ»ΓÄ»ΓÄ»ΓÄ»ΓÄ»ΓÄ»ΓÄ»ΓÄ»ΓÄ»ΓÄ»ΓÄ»ΓÄ»[2/75]ΓÄ»[22m[39m

[41m[1m FAIL [22m[49m src/components/CarbonCalculator.test.tsx[2m > [22mCarbon Calculator[2m > [22mrenders all 
form steps correctly
[31m[1mTestingLibraryElementError[22m[39m: Found multiple elements with the text: /Transportation/i

Here are the matching elements:

Ignored nodes: comments, script, style
[36m<span[39m
  [33mclass[39m=[32m"text-xs font-bold font-sans"[39m
[36m>[39m
  [0mTransportation[0m
[36m</span>[39m

Ignored nodes: comments, script, style
[36m<span>[39m
  [0mTransportation Metrics[0m
[36m</span>[39m

(If this is intentional, then use the `*AllBy*` variant of the query (like `queryAllByText`, `getAllByText`, or 
`findAllByText`)).

Ignored nodes: comments, script, style
[36m<body>[39m
  [36m<div>[39m
    [36m<div[39m
      [33mclass[39m=[32m"w-full rounded-3xl p-6 md:p-8 shadow-2xl glassmorphism relative overflow-hidden"[39m
      [33mid[39m=[32m"calculator-panel"[39m
    [36m>[39m
      [36m<div[39m
        [33mclass[39m=[32m"mb-6 flex justify-center"[39m
      [36m>[39m
        [36m<h2[39m
          [33mclass[39m=[32m"text-2xl font-extrabold text-white"[39m
        [36m>[39m
          [0mCarbon Assessment Diagnostic[0m
        [36m</h2>[39m
      [36m</div>[39m
      [36m<div[39m
        [33mclass[39m=[32m"grid grid-cols-2 md:grid-cols-4 gap-4 mb-8"[39m
        [33mid[39m=[32m"calculator-steps-list"[39m
      [36m>[39m
        [36m<button[39m
          [33mclass[39m=[32m"relative flex items-center space-x-3 text-left p-3.5 rounded-2xl border transition-all 
duration-300 outline-none cursor-pointer bg-white/10 border-white/30 text-emerald-400 shadow-lg 
shadow-emerald-500/5"[39m
          [33mid[39m=[32m"step-indicator-0"[39m
        [36m>[39m
          [36m<div[39m
            [33mclass[39m=[32m"absolute inset-0 border border-emerald-500/30 rounded-2xl pointer-events-none"[39m
          [36m/>[39m
          [36m<div[39m
            [33mclass[39m=[32m"p-2 rounded-xl transition-colors bg-emerald-500/10 text-emerald-400 
animate-pulse"[39m
          [36m>[39m
            [36m<svg[39m
              [33maria-hidden[39m=[32m"true"[39m
              [33mclass[39m=[32m"lucide lucide-car w-5 h-5"[39m
              [33mfill[39m=[32m"none"[39m
              [33mheight[39m=[32m"24"[39m
              [33mstroke[39m=[32m"currentColor"[39m
              [33mstroke-linecap[39m=[32m"round"[39m
              [33mstroke-linejoin[39m=[32m"round"[39m
              [33mstroke-width[39m=[32m"2"[39m
              [33mviewBox[39m=[32m"0 0 24 24"[39m
              [33mwidth[39m=[32m"24"[39m
              [33mxmlns[39m=[32m"http://www.w3.org/2000/svg"[39m
            [36m>[39m
              [36m<path[39m
                [33md[39m=[32m"M19 17h2c.6 0 1-.4 1-1v-3c0-.9-.7-1.7-1.5-1.9C18.7 10.6 16 10 16 
10s-1.3-1.4-2.2-2.3c-.5-.4-1.1-.7-1.8-.7H5c-.6 0-1.1.4-1.4.9l-1.4 2.9A3.7 3.7 0 0 0 2 12v4c0 .6.4 1 1 1h2"[39m
              [36m/>[39m
              [36m<circle[39m
                [33mcx[39m=[32m"7"[39m
                [33mcy[39m=[32m"17"[39m
                [33mr[39m=[32m"2"[39m
              [36m/>[39m
              [36m<path[39m
                [33md[39m=[32m"M9 17h6"[39m
              [36m/>[39m
              [36m<circle[39m
                [33mcx[39m=[32m"17"[39m
                [33mcy[39m=[32m"17"[39m
                [33mr[39m=[32m"2"[39m
              [36m/>[39m
            [36m</svg>[39m
          [36m</div>[39m
          [36m<div[39m
            [33mclass[39m=[32m"hidden sm:block z-10"[39m
          [36m>[39m
            [36m<span[39m
              [33mclass[39m=[32m"text-[10px] block font-mono"[39m
            [36m>[39m
              [0m0[0m
              [0m1[0m
              [0m / STEP[0m
            [36m</span>[39m
            [36m<span[39m
              [33mclass[39m=[32m"text-xs font-bold font-sans"[39m
            [36m>[39m
              [0mTransportation[0m
            [36m</span>[39m
          [36m</div>[39m
        [36m</button>[39m
        [36m<button[39m
          [33mclass[39m=[32m"relative flex items-center space-x-3 text-left p-3.5 rounded-2xl border transition-all 
duration-300 outline-none cursor-pointer bg-transparent border-white/5 text-slate-500 hover:border-white/15 
hover:bg-white/2"[39m
          [33mid[39m=[32m"step-indicator-1"[39m
        [36m>[39m
          [36m<div[39m
            [33mclass[39m=[32m"p-2 rounded-xl transition-colors bg-black/20 text-slate-400"[39m
          [36m>[39m
            [36m<svg[39m
              [33maria-hidden[39m=[32m"true"[39m
              [33mclass[39m=[32m"lucide lucide-zap w-5 h-5"[39m
              [33mfill[39m=[32m"none"[39m
              [33mheight[39m=[32m"24"[39m
              [33mstroke[39m=[32m"currentColor"[39m
              [33mstroke-linecap[39m=[32m"round"[39m
              [33mstroke-linejoin[39m=[32m"round"[39m
              [33mstroke-width[39m=[32m"2"[39m
              [33mviewBox[39m=[32m"0 0 24 24"[39m
              [33mwidth[39m=[32m"24"[39m
              [33mxmlns[39m=[32m"http://www.w3.org/2000/svg"[39m
            [36m>[39m
              [36m<path[39m
                [33md[39m=[32m"M4 14a1 1 0 0 1-.78-1.63l9.9-10.2a.5.5 0 0 1 .86.46l-1.92 6.02A1 1 0 0 0 13 10h7a1 1 
0 0 1 .78 1.63l-9.9 10.2a.5.5 0 0 1-.86-.46l1.92-6.02A1 1 0 0 0 11 14z"[39m
              [36m/>[39m
            [36m</svg>[39m
          [36m</div>[39m
          [36m<div[39m
            [33mclass[39m=[32m"hidden sm:block z-10"[39m
          [36m>[39m
            [36m<span[39m
              [33mclass[39m=[32m"text-[10px] block font-mono"[39m
            [36m>[39m
              [0m0[0m
              [0m2[0m
              [0m / STEP[0m
            [36m</span>[39m
            [36m<span[39m
              [33mclass[39m=[32m"text-xs font-bold font-sans"[39m
            [36m>[39m
              [0mHome Energy[0m
            [36m</span>[39m
          [36m</div>[39m
        [36m</button>[39m
        [36m<button[39m
          [33mclass[39m=[32m"relative flex items-center space-x-3 text-left p-3.5 rounded-2xl border transition-all 
duration-300 outline-none cursor-pointer bg-transparent border-white/5 text-slate-500 hover:border-white/15 
hover:bg-white/2"[39m
          [33mid[39m=[32m"step-indicator-2"[39m
        [36m>[39m
          [36m<div[39m
            [33mclass[39m=[32m"p-2 rounded-xl transition-colors bg-black/20 text-slate-400"[39m
          [36m>[39m
            [36m<svg[39m
              [33maria-hidden[39m=[32m"true"[39m
              [33mclass[39m=[32m"lucide lucide-leaf w-5 h-5"[39m
              [33mfill[39m=[32m"none"[39m
              [33mheight[39m=[32m"24"[39m
              [33mstroke[39m=[32m"currentColor"[39m
              [33mstroke-linecap[39m=[32m"round"[39m
              [33mstroke-linejoin[39m=[32m"round"[39m
              [33mstroke-width[39m=[32m"2"[39m
              [33mviewBox[39m=[32m"0 0 24 24"[39m
              [33mwidth[39m=[32m"24"[39m
              [33mxmlns[39m=[32m"http://www.w3.org/2000/svg"[39m
            [36m>[39m
              [36m<path[39m
                [33md[39m=[32m"M11 20A7 7 0 0 1 9.8 6.1C15.5 5 17 4.48 19 2c1 2 2 4.18 2 8 0 5.5-4.78 10-10 
10Z"[39m
              [36m/>[39m
              [36m<path[39m
                [33md[39m=[32m"M2 21c0-3 1.85-5.36 5.08-6C9.5 14.52 12 13 13 12"[39m
              [36m/>[39m
            [36m</svg>[39m
          [36m</div>[39m
  ...
[90m [2mΓ¥»[22m Object.getElementError node_modules/@testing-library/dom/dist/config.js:[2m37:19[22m[39m
[90m [2mΓ¥»[22m getElementError node_modules/@testing-library/dom/dist/query-helpers.js:[2m20:35[22m[39m
[90m [2mΓ¥»[22m getMultipleElementsFoundError 
node_modules/@testing-library/dom/dist/query-helpers.js:[2m23:10[22m[39m
[90m [2mΓ¥»[22m node_modules/@testing-library/dom/dist/query-helpers.js:[2m55:13[22m[39m
[90m [2mΓ¥»[22m node_modules/@testing-library/dom/dist/query-helpers.js:[2m95:19[22m[39m
[36m [2mΓ¥»[22m src/components/CarbonCalculator.test.tsx:[2m13:19[22m[39m
    [90m 11|[39m
    [90m 12|[39m     [90m// Step 1 should be visible initially (Transportation)[39m
    [90m 13|[39m     [34mexpect[39m(screen[33m.[39m[34mgetByText[39m([36m/Transportation/i[39m))[33m.[39m[
34mtoBeInTheDocument[39m()[33m;[39m
    [90m   |[39m                   [31m^[39m
    [90m 14|[39m   })[33m;[39m
    [90m 15|[39m

[31m[2mΓÄ»ΓÄ»ΓÄ»ΓÄ»ΓÄ»ΓÄ»ΓÄ»ΓÄ»ΓÄ»ΓÄ»ΓÄ»ΓÄ»ΓÄ»ΓÄ»ΓÄ»ΓÄ»ΓÄ»ΓÄ»ΓÄ»ΓÄ»ΓÄ»ΓÄ»ΓÄ»[3/75]ΓÄ»[22m[39m

[41m[1m FAIL [22m[49m src/components/CarbonCalculator.test.tsx[2m > [22mCarbon Calculator[2m > [22mcan 
progress through the steps and submit
[31m[1mTestingLibraryElementError[22m[39m: Unable to find an element with the text: Next Step. This could be 
because the text is broken up by multiple elements. In this case, you can provide a function for your text matcher to 
make your matcher more flexible.

Ignored nodes: comments, script, style
[36m<body>[39m
  [36m<div>[39m
    [36m<div[39m
      [33mclass[39m=[32m"w-full rounded-3xl p-6 md:p-8 shadow-2xl glassmorphism relative overflow-hidden"[39m
      [33mid[39m=[32m"calculator-panel"[39m
    [36m>[39m
      [36m<div[39m
        [33mclass[39m=[32m"mb-6 flex justify-center"[39m
      [36m>[39m
        [36m<h2[39m
          [33mclass[39m=[32m"text-2xl font-extrabold text-white"[39m
        [36m>[39m
          [0mCarbon Assessment Diagnostic[0m
        [36m</h2>[39m
      [36m</div>[39m
      [36m<div[39m
        [33mclass[39m=[32m"grid grid-cols-2 md:grid-cols-4 gap-4 mb-8"[39m
        [33mid[39m=[32m"calculator-steps-list"[39m
      [36m>[39m
        [36m<button[39m
          [33mclass[39m=[32m"relative flex items-center space-x-3 text-left p-3.5 rounded-2xl border transition-all 
duration-300 outline-none cursor-pointer bg-white/10 border-white/30 text-emerald-400 shadow-lg 
shadow-emerald-500/5"[39m
          [33mid[39m=[32m"step-indicator-0"[39m
        [36m>[39m
          [36m<div[39m
            [33mclass[39m=[32m"absolute inset-0 border border-emerald-500/30 rounded-2xl pointer-events-none"[39m
          [36m/>[39m
          [36m<div[39m
            [33mclass[39m=[32m"p-2 rounded-xl transition-colors bg-emerald-500/10 text-emerald-400 
animate-pulse"[39m
          [36m>[39m
            [36m<svg[39m
              [33maria-hidden[39m=[32m"true"[39m
              [33mclass[39m=[32m"lucide lucide-car w-5 h-5"[39m
              [33mfill[39m=[32m"none"[39m
              [33mheight[39m=[32m"24"[39m
              [33mstroke[39m=[32m"currentColor"[39m
              [33mstroke-linecap[39m=[32m"round"[39m
              [33mstroke-linejoin[39m=[32m"round"[39m
              [33mstroke-width[39m=[32m"2"[39m
              [33mviewBox[39m=[32m"0 0 24 24"[39m
              [33mwidth[39m=[32m"24"[39m
              [33mxmlns[39m=[32m"http://www.w3.org/2000/svg"[39m
            [36m>[39m
              [36m<path[39m
                [33md[39m=[32m"M19 17h2c.6 0 1-.4 1-1v-3c0-.9-.7-1.7-1.5-1.9C18.7 10.6 16 10 16 
10s-1.3-1.4-2.2-2.3c-.5-.4-1.1-.7-1.8-.7H5c-.6 0-1.1.4-1.4.9l-1.4 2.9A3.7 3.7 0 0 0 2 12v4c0 .6.4 1 1 1h2"[39m
              [36m/>[39m
              [36m<circle[39m
                [33mcx[39m=[32m"7"[39m
                [33mcy[39m=[32m"17"[39m
                [33mr[39m=[32m"2"[39m
              [36m/>[39m
              [36m<path[39m
                [33md[39m=[32m"M9 17h6"[39m
              [36m/>[39m
              [36m<circle[39m
                [33mcx[39m=[32m"17"[39m
                [33mcy[39m=[32m"17"[39m
                [33mr[39m=[32m"2"[39m
              [36m/>[39m
            [36m</svg>[39m
          [36m</div>[39m
          [36m<div[39m
            [33mclass[39m=[32m"hidden sm:block z-10"[39m
          [36m>[39m
            [36m<span[39m
              [33mclass[39m=[32m"text-[10px] block font-mono"[39m
            [36m>[39m
              [0m0[0m
              [0m1[0m
              [0m / STEP[0m
            [36m</span>[39m
            [36m<span[39m
              [33mclass[39m=[32m"text-xs font-bold font-sans"[39m
            [36m>[39m
              [0mTransportation[0m
            [36m</span>[39m
          [36m</div>[39m
        [36m</button>[39m
        [36m<button[39m
          [33mclass[39m=[32m"relative flex items-center space-x-3 text-left p-3.5 rounded-2xl border transition-all 
duration-300 outline-none cursor-pointer bg-transparent border-white/5 text-slate-500 hover:border-white/15 
hover:bg-white/2"[39m
          [33mid[39m=[32m"step-indicator-1"[39m
        [36m>[39m
          [36m<div[39m
            [33mclass[39m=[32m"p-2 rounded-xl transition-colors bg-black/20 text-slate-400"[39m
          [36m>[39m
            [36m<svg[39m
              [33maria-hidden[39m=[32m"true"[39m
              [33mclass[39m=[32m"lucide lucide-zap w-5 h-5"[39m
              [33mfill[39m=[32m"none"[39m
              [33mheight[39m=[32m"24"[39m
              [33mstroke[39m=[32m"currentColor"[39m
              [33mstroke-linecap[39m=[32m"round"[39m
              [33mstroke-linejoin[39m=[32m"round"[39m
              [33mstroke-width[39m=[32m"2"[39m
              [33mviewBox[39m=[32m"0 0 24 24"[39m
              [33mwidth[39m=[32m"24"[39m
              [33mxmlns[39m=[32m"http://www.w3.org/2000/svg"[39m
            [36m>[39m
              [36m<path[39m
                [33md[39m=[32m"M4 14a1 1 0 0 1-.78-1.63l9.9-10.2a.5.5 0 0 1 .86.46l-1.92 6.02A1 1 0 0 0 13 10h7a1 1 
0 0 1 .78 1.63l-9.9 10.2a.5.5 0 0 1-.86-.46l1.92-6.02A1 1 0 0 0 11 14z"[39m
              [36m/>[39m
            [36m</svg>[39m
          [36m</div>[39m
          [36m<div[39m
            [33mclass[39m=[32m"hidden sm:block z-10"[39m
          [36m>[39m
            [36m<span[39m
              [33mclass[39m=[32m"text-[10px] block font-mono"[39m
            [36m>[39m
              [0m0[0m
              [0m2[0m
              [0m / STEP[0m
            [36m</span>[39m
            [36m<span[39m
              [33mclass[39m=[32m"text-xs font-bold font-sans"[39m
            [36m>[39m
              [0mHome Energy[0m
            [36m</span>[39m
          [36m</div>[39m
        [36m</button>[39m
        [36m<button[39m
          [33mclass[39m=[32m"relative flex items-center space-x-3 text-left p-3.5 rounded-2xl border transition-all 
duration-300 outline-none cursor-pointer bg-transparent border-white/5 text-slate-500 hover:border-white/15 
hover:bg-white/2"[39m
          [33mid[39m=[32m"step-indicator-2"[39m
        [36m>[39m
          [36m<div[39m
            [33mclass[39m=[32m"p-2 rounded-xl transition-colors bg-black/20 text-slate-400"[39m
          [36m>[39m
            [36m<svg[39m
              [33maria-hidden[39m=[32m"true"[39m
              [33mclass[39m=[32m"lucide lucide-leaf w-5 h-5"[39m
              [33mfill[39m=[32m"none"[39m
              [33mheight[39m=[32m"24"[39m
              [33mstroke[39m=[32m"currentColor"[39m
              [33mstroke-linecap[39m=[32m"round"[39m
              [33mstroke-linejoin[39m=[32m"round"[39m
              [33mstroke-width[39m=[32m"2"[39m
              [33mviewBox[39m=[32m"0 0 24 24"[39m
              [33mwidth[39m=[32m"24"[39m
              [33mxmlns[39m=[32m"http://www.w3.org/2000/svg"[39m
            [36m>[39m
              [36m<path[39m
                [33md[39m=[32m"M11 20A7 7 0 0 1 9.8 6.1C15.5 5 17 4.48 19 2c1 2 2 4.18 2 8 0 5.5-4.78 10-10 
10Z"[39m
              [36m/>[39m
              [36m<path[39m
                [33md[39m=[32m"M2 21c0-3 1.85-5.36 5.08-6C9.5 14.52 12 13 13 12"[39m
              [36m/>[39m
            [36m</svg>[39m
          [36m</div>[39m
  ...
[90m [2mΓ¥»[22m Object.getElementError node_modules/@testing-library/dom/dist/config.js:[2m37:19[22m[39m
[90m [2mΓ¥»[22m node_modules/@testing-library/dom/dist/query-helpers.js:[2m76:38[22m[39m

[90m [2mΓ¥»[22m node_modules/@testing-library/dom/dist/query-helpers.js:[2m52:17[22m[39m
[90m [2mΓ¥»[22m node_modules/@testing-library/dom/dist/query-helpers.js:[2m95:19[22m[39m
[36m [2mΓ¥»[22m src/components/CarbonCalculator.test.tsx:[2m21:32[22m[39m
    [90m 19|[39m
    [90m 20|[39m     [90m// Step 1: Transport -> Click Next[39m
    [90m 21|[39m     [35mconst[39m nextButton1 [33m=[39m screen[33m.[39m[34mgetByText[39m([32m'Next 
Step'[39m)[33m;[39m
    [90m   |[39m                                [31m^[39m
    [90m 22|[39m     fireEvent[33m.[39m[34mclick[39m(nextButton1)[33m;[39m
    [90m 23|[39m

[31m[2mΓÄ»ΓÄ»ΓÄ»ΓÄ»ΓÄ»ΓÄ»ΓÄ»ΓÄ»ΓÄ»ΓÄ»ΓÄ»ΓÄ»ΓÄ»ΓÄ»ΓÄ»ΓÄ»ΓÄ»ΓÄ»ΓÄ»ΓÄ»ΓÄ»ΓÄ»ΓÄ»[4/75]ΓÄ»[22m[39m

[41m[1m FAIL [22m[49m src/components/LandingPage.test.tsx[2m > [22mLandingPage (Hero & Footer)[2m > 
[22mrenders the hero section correctly
[41m[1m FAIL [22m[49m src/components/LandingPage.test.tsx[2m > [22mLandingPage (Hero & Footer)[2m > [22mfires 
the onStartCalculator callback when CTA is clicked
[41m[1m FAIL [22m[49m src/components/LandingPage.test.tsx[2m > [22mLandingPage (Hero & Footer)[2m > [22mfires 
the onExploreDashboard callback when explore CTA is clicked
[41m[1m FAIL [22m[49m src/components/LandingPage.test.tsx[2m > [22mLandingPage (Hero & Footer)[2m > 
[22mrenders the footer with newsletter signup
[31m[1mTypeError[22m: () => ({
      setSize: vi.fn(),
[2m Test Files [22m [1m[31m4 failed[39m[22m[2m | [22m[1m[32m1 passed[39m[22m[90m (5)[39m
      setPixelRatio: vi.fn(),
    ...<omitted>...}) is not a constructor[39m
[36m [2mΓ¥»[22m src/components/ThreeEarth.tsx:[2m30:22[22m[39m
    [90m 28|[39m     camera[33m.[39mposition[33m.[39mz [33m=[39m [34m6.5[39m[33m;[39m
    [90m 29|[39m
    [90m 30|[39m     const renderer = new THREE.WebGLRenderer({ antialias: true, alpha:ΓÇª
    [90m   |[39m                      [31m^[39m
    [90m 31|[39m     renderer[33m.[39m[34msetSize[39m(width[33m,[39m height)[33m;[39m
    [90m 32|[39m     renderer[33m.[39m[34msetPixelRatio[39m([33mMath[39m[33m.[39m[34mmin[39m(window[33m.[
39mdevicePixelRatio[33m,[39m [34m2[39m))[33m;[39m
[90m [2mΓ¥»[22m Object.react_stack_bottom_frame 
node_modules/react-dom/cjs/react-dom-client.development.js:[2m25989:20[22m[39m
[90m [2mΓ¥»[22m runWithFiberInDEV node_modules/react-dom/cjs/react-dom-client.development.js:[2m874:13[22m[39m
[90m [2mΓ¥»[22m commitHookEffectListMount 
node_modules/react-dom/cjs/react-dom-client.development.js:[2m13249:29[22m[39m
[90m [2mΓ¥»[22m commitHookPassiveMountEffects 
node_modules/react-dom/cjs/react-dom-client.development.js:[2m13336:11[22m[39m
[90m [2mΓ¥»[22m commitPassiveMountOnFiber 
node_modules/react-dom/cjs/react-dom-client.development.js:[2m15484:13[22m[39m
[90m [2mΓ¥»[22m recursivelyTraversePassiveMountEffects 
node_modules/react-dom/cjs/react-dom-client.development.js:[2m15439:11[22m[39m
[90m [2mΓ¥»[22m commitPassiveMountOnFiber 
node_modules/react-dom/cjs/react-dom-client.development.js:[2m15718:11[22m[39m
[2m      Tests [22m [1m[31m11 failed[39m[22m[2m | [22m[1m[32m2 passed[39m[22m[90m (13)[39m
[2m   Start at [22m 01:12:04
[2m   Duration [22m 11.46s[2m (transform 1.26s, setup 1.43s, import 4.71s, tests 2.66s, environment 5.97s)[22m

[90m [2mΓ¥»[22m recursivelyTraversePassiveMountEffects 
node_modules/react-dom/cjs/react-dom-client.development.js:[2m15439:11[22m[39m

[31m[2mΓÄ»ΓÄ»ΓÄ»ΓÄ»ΓÄ»ΓÄ»ΓÄ»ΓÄ»ΓÄ»ΓÄ»ΓÄ»ΓÄ»ΓÄ»ΓÄ»ΓÄ»ΓÄ»ΓÄ»ΓÄ»ΓÄ»ΓÄ»ΓÄ»ΓÄ»ΓÄ»[5/75]ΓÄ»[22m[39m

